// Edgecore DeviceManager
// Copyright 2020-2021 Edgecore Networks, Inc.
//
// Licensed to the Apache Software Foundation (ASF) under one
// or more contributor license agreements. See the NOTICE file
// distributed with this work for additional information
// regarding copyright ownership. The ASF licenses this file
// to you under the Apache License, Version 2.0 (the
// "License"); you may not use this file except in compliance
// with the License. You may obtain a copy of the License at
//
// http://www.apache.org/licenses/LICENSE-2.0
//
// Unless required by applicable law or agreed to in writing,
// software distributed under the License is distributed on an
// "AS IS" BASIS, WITHOUT WARRANTIES OR CONDITIONS OF ANY
// KIND, either express or implied. See the License for the
// specific language governing permissions and limitations
// under the License.
ip1:port1 attached
admin_1 created
ip1:port1 changed
The user authentication data does not found
operator created
The user privilege is not administrator
The user readonly privilege is invalid
Please check this user account in this device
admin_1 deleted
operator deleted
Please check this user account in this device
ip1:port1 detached
